// Vitest Snapshot v1, https://vitest.dev/guide/snapshot.html

exports[`snapshot: markdown parser HTML output > normalises external link attributes 1`] = `"<p><a href="https://github.com/example" rel="nofollow" target="_blank">gh</a></p>"`;

exports[`snapshot: markdown parser HTML output > renders a fenced code block via shiki 1`] = `"<pre class="shiki shiki-themes github-light github-dark" style="--shiki-light:#24292e;--shiki-dark:#e1e4e8;--shiki-light-bg:#fff;--shiki-dark-bg:#24292e" tabindex="0"><code class="language-ts"><span class="line"><span style="--shiki-light:#D73A49;--shiki-dark:#F97583">const</span><span style="--shiki-light:#005CC5;--shiki-dark:#79B8FF"> x</span><span style="--shiki-light:#D73A49;--shiki-dark:#F97583">:</span><span style="--shiki-light:#005CC5;--shiki-dark:#79B8FF"> number</span><span style="--shiki-light:#D73A49;--shiki-dark:#F97583"> =</span><span style="--shiki-light:#005CC5;--shiki-dark:#79B8FF"> 1</span><span style="--shiki-light:#24292E;--shiki-dark:#E1E4E8">;</span></span></code></pre>"`;

exports[`snapshot: markdown parser HTML output > renders a heading + paragraph + bold/em sequence 1`] = `
"<h1>Hello</h1>
<p>This is <strong>bold</strong> and <em>em</em>.</p>"
`;

exports[`snapshot: markdown parser HTML output > renders blockquote + nested list 1`] = `
"<blockquote>
<p>note:</p>
<ul>
<li>one</li>
<li>two
<ul>
<li>nested</li>
</ul>
</li>
</ul>
</blockquote>"
`;
